[
    {
        "stateType": "metrics",
        "agreementId": "T14-L2-S12-minimal",
        "id": "SPU_IO_K00",
        "scope": {
            "serviceLine": "Línea de servicio de operación",
            "activity": "Actividad no planificada"
        },
        "period": {
            "to": "2014-11-15T21:59:59.999Z",
            "from": "2014-10-15T22:00:00.000Z"
        },
        "window": {
            "timeZone": "Europe/Madrid",
            "initial": "2014-10-16T22:00:00.000Z",
            "period": "monthly",
            "type": "static"
        },
        "value": 0,
        "evidences": null,
        "parameters": null
    },
    {
        "stateType": "metrics",
        "agreementId": "T14-L2-S12-minimal",
        "id": "SPU_IO_K00",
        "scope": {
            "serviceLine": "Línea de servicio de operación",
            "activity": "Actividad no planificada"
        },
        "period": {
            "to": "2014-12-15T22:59:59.999Z",
            "from": "2014-11-15T23:00:00.000Z"
        },
        "window": {
            "timeZone": "Europe/Madrid",
            "initial": "2014-10-16T22:00:00.000Z",
            "period": "monthly",
            "type": "static"
        },
        "value": 0,
        "evidences": null,
        "parameters": null
    },
    {
        "stateType": "metrics",
        "agreementId": "T14-L2-S12-minimal",
        "id": "SPU_IO_K00",
        "scope": {
            "serviceLine": "Línea de servicio de operación",
            "activity": "Actividad no planificada"
        },
        "period": {
            "to": "2015-01-15T22:59:59.999Z",
            "from": "2014-12-15T23:00:00.000Z"
        },
        "window": {
            "timeZone": "Europe/Madrid",
            "initial": "2014-10-16T22:00:00.000Z",
            "period": "monthly",
            "type": "static"
        },
        "value": 0,
        "evidences": null,
        "parameters": null
    },
    {
        "stateType": "metrics",
        "agreementId": "T14-L2-S12-minimal",
        "id": "SPU_IO_K00",
        "scope": {
            "serviceLine": "Línea de servicio de operación",
            "activity": "Actividad no planificada"
        },
        "period": {
            "to": "2015-02-15T22:59:59.999Z",
            "from": "2015-01-15T23:00:00.000Z"
        },
        "window": {
            "timeZone": "Europe/Madrid",
            "initial": "2014-10-16T22:00:00.000Z",
            "period": "monthly",
            "type": "static"
        },
        "value": 0,
        "evidences": null,
        "parameters": null
    },
    {
        "stateType": "metrics",
        "agreementId": "T14-L2-S12-minimal",
        "id": "SPU_IO_K00",
        "scope": {
            "serviceLine": "Línea de servicio de operación",
            "activity": "Actividad no planificada"
        },
        "period": {
            "to": "2015-03-15T22:59:59.999Z",
            "from": "2015-02-15T23:00:00.000Z"
        },
        "window": {
            "timeZone": "Europe/Madrid",
            "initial": "2014-10-16T22:00:00.000Z",
            "period": "monthly",
            "type": "static"
        },
        "value": 0,
        "evidences": null,
        "parameters": null
    },
    {
        "stateType": "metrics",
        "agreementId": "T14-L2-S12-minimal",
        "id": "SPU_IO_K00",
        "scope": {
            "serviceLine": "Línea de servicio de operación",
            "activity": "Actividad no planificada"
        },
        "period": {
            "to": "2015-04-15T21:59:59.999Z",
            "from": "2015-03-15T23:00:00.000Z"
        },
        "window": {
            "timeZone": "Europe/Madrid",
            "initial": "2014-10-16T22:00:00.000Z",
            "period": "monthly",
            "type": "static"
        },
        "value": 0,
        "evidences": null,
        "parameters": null
    },
    {
        "stateType": "metrics",
        "agreementId": "T14-L2-S12-minimal",
        "id": "SPU_IO_K00",
        "scope": {
            "serviceLine": "Línea de servicio de operación",
            "activity": "Actividad no planificada"
        },
        "period": {
            "to": "2015-05-15T21:59:59.999Z",
            "from": "2015-04-15T22:00:00.000Z"
        },
        "window": {
            "timeZone": "Europe/Madrid",
            "initial": "2014-10-16T22:00:00.000Z",
            "period": "monthly",
            "type": "static"
        },
        "value": 0,
        "evidences": null,
        "parameters": null
    },
    {
        "stateType": "metrics",
        "agreementId": "T14-L2-S12-minimal",
        "id": "SPU_IO_K00",
        "scope": {
            "serviceLine": "Línea de servicio de operación",
            "activity": "Actividad no planificada"
        },
        "period": {
            "to": "2015-06-15T21:59:59.999Z",
            "from": "2015-05-15T22:00:00.000Z"
        },
        "window": {
            "timeZone": "Europe/Madrid",
            "initial": "2014-10-16T22:00:00.000Z",
            "period": "monthly",
            "type": "static"
        },
        "value": 0,
        "evidences": null,
        "parameters": null
    },
    {
        "stateType": "metrics",
        "agreementId": "T14-L2-S12-minimal",
        "id": "SPU_IO_K00",
        "scope": {
            "serviceLine": "Línea de servicio de operación",
            "activity": "Actividad no planificada"
        },
        "period": {
            "to": "2015-07-15T21:59:59.999Z",
            "from": "2015-06-15T22:00:00.000Z"
        },
        "window": {
            "timeZone": "Europe/Madrid",
            "initial": "2014-10-16T22:00:00.000Z",
            "period": "monthly",
            "type": "static"
        },
        "value": 0,
        "evidences": null,
        "parameters": null
    },
    {
        "stateType": "metrics",
        "agreementId": "T14-L2-S12-minimal",
        "id": "SPU_IO_K00",
        "scope": {
            "serviceLine": "Línea de servicio de operación",
            "activity": "Actividad no planificada"
        },
        "period": {
            "to": "2015-08-15T21:59:59.999Z",
            "from": "2015-07-15T22:00:00.000Z"
        },
        "window": {
            "timeZone": "Europe/Madrid",
            "initial": "2014-10-16T22:00:00.000Z",
            "period": "monthly",
            "type": "static"
        },
        "value": 0,
        "evidences": null,
        "parameters": null
    },
    {
        "stateType": "metrics",
        "agreementId": "T14-L2-S12-minimal",
        "id": "SPU_IO_K00",
        "scope": {
            "serviceLine": "Línea de servicio de operación",
            "activity": "Actividad no planificada"
        },
        "period": {
            "to": "2015-09-15T21:59:59.999Z",
            "from": "2015-08-15T22:00:00.000Z"
        },
        "window": {
            "timeZone": "Europe/Madrid",
            "initial": "2014-10-16T22:00:00.000Z",
            "period": "monthly",
            "type": "static"
        },
        "value": 0,
        "evidences": null,
        "parameters": null
    },
    {
        "stateType": "metrics",
        "agreementId": "T14-L2-S12-minimal",
        "id": "SPU_IO_K00",
        "scope": {
            "serviceLine": "Línea de servicio de operación",
            "activity": "Actividad no planificada"
        },
        "period": {
            "to": "2015-10-15T21:59:59.999Z",
            "from": "2015-09-15T22:00:00.000Z"
        },
        "window": {
            "timeZone": "Europe/Madrid",
            "initial": "2014-10-16T22:00:00.000Z",
            "period": "monthly",
            "type": "static"
        },
        "value": 0,
        "evidences": null,
        "parameters": null
    },
    {
        "stateType": "metrics",
        "agreementId": "T14-L2-S12-minimal",
        "id": "SPU_IO_K00",
        "scope": {
            "serviceLine": "Línea de servicio de operación",
            "activity": "Actividad no planificada"
        },
        "period": {
            "to": "2015-11-15T22:59:59.999Z",
            "from": "2015-10-15T22:00:00.000Z"
        },
        "window": {
            "timeZone": "Europe/Madrid",
            "initial": "2014-10-16T22:00:00.000Z",
            "period": "monthly",
            "type": "static"
        },
        "value": 0,
        "evidences": null,
        "parameters": null
    },
    {
        "stateType": "metrics",
        "agreementId": "T14-L2-S12-minimal",
        "id": "SPU_IO_K00",
        "scope": {
            "serviceLine": "Línea de servicio de operación",
            "activity": "Actividad no planificada"
        },
        "period": {
            "to": "2015-12-15T22:59:59.999Z",
            "from": "2015-11-15T23:00:00.000Z"
        },
        "window": {
            "timeZone": "Europe/Madrid",
            "initial": "2014-10-16T22:00:00.000Z",
            "period": "monthly",
            "type": "static"
        },
        "value": 0,
        "evidences": null,
        "parameters": null
    },
    {
        "stateType": "metrics",
        "agreementId": "T14-L2-S12-minimal",
        "id": "SPU_IO_K00",
        "scope": {
            "serviceLine": "Línea de servicio de operación",
            "activity": "Actividad no planificada"
        },
        "period": {
            "to": "2016-01-15T22:59:59.999Z",
            "from": "2015-12-15T23:00:00.000Z"
        },
        "window": {
            "timeZone": "Europe/Madrid",
            "initial": "2014-10-16T22:00:00.000Z",
            "period": "monthly",
            "type": "static"
        },
        "value": 0,
        "evidences": null,
        "parameters": null
    },
    {
        "stateType": "metrics",
        "agreementId": "T14-L2-S12-minimal",
        "id": "SPU_IO_K00",
        "scope": {
            "serviceLine": "Línea de servicio de operación",
            "activity": "Actividad no planificada"
        },
        "period": {
            "to": "2016-02-15T22:59:59.999Z",
            "from": "2016-01-15T23:00:00.000Z"
        },
        "window": {
            "timeZone": "Europe/Madrid",
            "initial": "2014-10-16T22:00:00.000Z",
            "period": "monthly",
            "type": "static"
        },
        "value": -10,
        "evidences": null,
        "parameters": null
    },
    {
        "stateType": "metrics",
        "agreementId": "T14-L2-S12-minimal",
        "id": "SPU_IO_K00",
        "scope": {
            "serviceLine": "Línea de servicio de operación",
            "activity": "Actividad no planificada"
        },
        "period": {
            "to": "2016-03-15T22:59:59.999Z",
            "from": "2016-02-15T23:00:00.000Z"
        },
        "window": {
            "timeZone": "Europe/Madrid",
            "initial": "2014-10-16T22:00:00.000Z",
            "period": "monthly",
            "type": "static"
        },
        "value": 0,
        "evidences": null,
        "parameters": null
    },
    {
        "stateType": "metrics",
        "agreementId": "T14-L2-S12-minimal",
        "id": "SPU_IO_K00",
        "scope": {
            "serviceLine": "Línea de servicio de operación",
            "activity": "Actividad no planificada"
        },
        "period": {
            "to": "2016-04-15T21:59:59.999Z",
            "from": "2016-03-15T23:00:00.000Z"
        },
        "window": {
            "timeZone": "Europe/Madrid",
            "initial": "2014-10-16T22:00:00.000Z",
            "period": "monthly",
            "type": "static"
        },
        "value": 0,
        "evidences": null,
        "parameters": null
    },
    {
        "stateType": "metrics",
        "agreementId": "T14-L2-S12-minimal",
        "id": "SPU_IO_K00",
        "scope": {
            "serviceLine": "Línea de servicio de operación",
            "activity": "Actividad no planificada"
        },
        "period": {
            "to": "2016-05-15T21:59:59.999Z",
            "from": "2016-04-15T22:00:00.000Z"
        },
        "window": {
            "timeZone": "Europe/Madrid",
            "initial": "2014-10-16T22:00:00.000Z",
            "period": "monthly",
            "type": "static"
        },
        "value": 0,
        "evidences": null,
        "parameters": null
    },
    {
        "stateType": "metrics",
        "agreementId": "T14-L2-S12-minimal",
        "id": "SPU_IO_K00",
        "scope": {
            "serviceLine": "Línea de servicio de operación",
            "activity": "Actividad no planificada"
        },
        "period": {
            "to": "2016-06-15T21:59:59.999Z",
            "from": "2016-05-15T22:00:00.000Z"
        },
        "window": {
            "timeZone": "Europe/Madrid",
            "initial": "2014-10-16T22:00:00.000Z",
            "period": "monthly",
            "type": "static"
        },
        "value": 0,
        "evidences": null,
        "parameters": null
    },
    {
        "stateType": "metrics",
        "agreementId": "T14-L2-S12-minimal",
        "id": "SPU_IO_K00",
        "scope": {
            "serviceLine": "Línea de servicio de operación",
            "activity": "Actividad no planificada"
        },
        "period": {
            "to": "2016-07-15T21:59:59.999Z",
            "from": "2016-06-15T22:00:00.000Z"
        },
        "window": {
            "timeZone": "Europe/Madrid",
            "initial": "2014-10-16T22:00:00.000Z",
            "period": "monthly",
            "type": "static"
        },
        "value": 0,
        "evidences": null,
        "parameters": null
    },
    {
        "stateType": "metrics",
        "agreementId": "T14-L2-S12-minimal",
        "id": "SPU_IO_K00",
        "scope": {
            "serviceLine": "Línea de servicio de operación",
            "activity": "Actividad no planificada"
        },
        "period": {
            "to": "2016-08-15T21:59:59.999Z",
            "from": "2016-07-15T22:00:00.000Z"
        },
        "window": {
            "timeZone": "Europe/Madrid",
            "initial": "2014-10-16T22:00:00.000Z",
            "period": "monthly",
            "type": "static"
        },
        "value": 0,
        "evidences": null,
        "parameters": null
    },
    {
        "stateType": "metrics",
        "agreementId": "T14-L2-S12-minimal",
        "id": "SPU_IO_K00",
        "scope": {
            "serviceLine": "Línea de servicio de operación",
            "activity": "Actividad no planificada"
        },
        "period": {
            "to": "2016-09-15T21:59:59.999Z",
            "from": "2016-08-15T22:00:00.000Z"
        },
        "window": {
            "timeZone": "Europe/Madrid",
            "initial": "2014-10-16T22:00:00.000Z",
            "period": "monthly",
            "type": "static"
        },
        "value": 0,
        "evidences": null,
        "parameters": null
    }
]
