[{
        "scope": {
            "activity": "Actividad no planificada",
            "serviceLine": "Línea de servicio de operación"
        },
        "period": {
            "from": "2014-10-15T22:00:00.000Z",
            "to": "2014-11-15T22:59:59.999Z"
        },
        "value": 0,
        "penalty": "porcentajePTOT"
    },
    {
        "scope": {
            "activity": "Actividad no planificada",
            "serviceLine": "Línea de servicio de operación"
        },
        "period": {
            "from": "2014-11-15T23:00:00.000Z",
            "to": "2014-12-15T22:59:59.999Z"
        },
        "value": 0,
        "penalty": "porcentajePTOT"
    },
    {
        "scope": {
            "activity": "Actividad no planificada",
            "serviceLine": "Línea de servicio de operación"
        },
        "period": {
            "from": "2014-12-15T23:00:00.000Z",
            "to": "2015-01-15T22:59:59.999Z"
        },
        "value": 0,
        "penalty": "porcentajePTOT"
    },
    {
        "scope": {
            "activity": "Actividad no planificada",
            "serviceLine": "Línea de servicio de operación"
        },
        "period": {
            "from": "2015-01-15T23:00:00.000Z",
            "to": "2015-02-15T22:59:59.999Z"
        },
        "value": 0,
        "penalty": "porcentajePTOT"
    },
    {
        "scope": {
            "activity": "Actividad no planificada",
            "serviceLine": "Línea de servicio de operación"
        },
        "period": {
            "from": "2015-02-15T23:00:00.000Z",
            "to": "2015-03-15T22:59:59.999Z"
        },
        "value": 0,
        "penalty": "porcentajePTOT"
    },
    {
        "scope": {
            "activity": "Actividad no planificada",
            "serviceLine": "Línea de servicio de operación"
        },
        "period": {
            "from": "2015-03-15T23:00:00.000Z",
            "to": "2015-04-15T21:59:59.999Z"
        },
        "value": 0,
        "penalty": "porcentajePTOT"
    },
    {
        "scope": {
            "activity": "Actividad no planificada",
            "serviceLine": "Línea de servicio de operación"
        },
        "period": {
            "from": "2015-04-15T22:00:00.000Z",
            "to": "2015-05-15T21:59:59.999Z"
        },
        "value": 0,
        "penalty": "porcentajePTOT"
    },
    {
        "scope": {
            "activity": "Actividad no planificada",
            "serviceLine": "Línea de servicio de operación"
        },
        "period": {
            "from": "2015-05-15T22:00:00.000Z",
            "to": "2015-06-15T21:59:59.999Z"
        },
        "value": 0,
        "penalty": "porcentajePTOT"
    },
    {
        "scope": {
            "activity": "Actividad no planificada",
            "serviceLine": "Línea de servicio de operación"
        },
        "period": {
            "from": "2015-06-15T22:00:00.000Z",
            "to": "2015-07-15T21:59:59.999Z"
        },
        "value": 0,
        "penalty": "porcentajePTOT"
    },
    {
        "scope": {
            "activity": "Actividad no planificada",
            "serviceLine": "Línea de servicio de operación"
        },
        "period": {
            "from": "2015-07-15T22:00:00.000Z",
            "to": "2015-08-15T21:59:59.999Z"
        },
        "value": 0,
        "penalty": "porcentajePTOT"
    },
    {
        "scope": {
            "activity": "Actividad no planificada",
            "serviceLine": "Línea de servicio de operación"
        },
        "period": {
            "from": "2015-08-15T22:00:00.000Z",
            "to": "2015-09-15T21:59:59.999Z"
        },
        "value": 0,
        "penalty": "porcentajePTOT"
    },
    {
        "scope": {
            "activity": "Actividad no planificada",
            "serviceLine": "Línea de servicio de operación"
        },
        "period": {
            "from": "2015-09-15T22:00:00.000Z",
            "to": "2015-10-15T21:59:59.999Z"
        },
        "value": 0,
        "penalty": "porcentajePTOT"
    },
    {
        "scope": {
            "activity": "Actividad no planificada",
            "serviceLine": "Línea de servicio de operación"
        },
        "period": {
            "from": "2015-10-15T22:00:00.000Z",
            "to": "2015-11-15T22:59:59.999Z"
        },
        "value": 0,
        "penalty": "porcentajePTOT"
    },
    {
        "scope": {
            "activity": "Actividad no planificada",
            "serviceLine": "Línea de servicio de operación"
        },
        "period": {
            "from": "2015-11-15T23:00:00.000Z",
            "to": "2015-12-15T22:59:59.999Z"
        },
        "value": 0,
        "penalty": "porcentajePTOT"
    },
    {
        "scope": {
            "activity": "Actividad no planificada",
            "serviceLine": "Línea de servicio de operación"
        },
        "period": {
            "from": "2015-12-15T23:00:00.000Z",
            "to": "2016-01-15T22:59:59.999Z"
        },
        "value": 0,
        "penalty": "porcentajePTOT"
    },
    {
        "scope": {
            "activity": "Actividad no planificada",
            "serviceLine": "Línea de servicio de operación"
        },
        "period": {
            "from": "2016-01-15T23:00:00.000Z",
            "to": "2016-02-15T22:59:59.999Z"
        },
        "value": 0,
        "penalty": "porcentajePTOT"
    },
    {
        "scope": {
            "activity": "Actividad no planificada",
            "serviceLine": "Línea de servicio de operación"
        },
        "period": {
            "from": "2016-02-15T23:00:00.000Z",
            "to": "2016-03-15T22:59:59.999Z"
        },
        "value": 0,
        "penalty": "porcentajePTOT"
    },
    {
        "scope": {
            "activity": "Actividad no planificada",
            "serviceLine": "Línea de servicio de operación"
        },
        "period": {
            "from": "2016-03-15T23:00:00.000Z",
            "to": "2016-04-15T21:59:59.999Z"
        },
        "value": 0,
        "penalty": "porcentajePTOT"
    },
    {
        "scope": {
            "activity": "Actividad no planificada",
            "serviceLine": "Línea de servicio de operación"
        },
        "period": {
            "from": "2016-04-15T22:00:00.000Z",
            "to": "2016-05-15T21:59:59.999Z"
        },
        "value": 0,
        "penalty": "porcentajePTOT"
    },
    {
        "scope": {
            "activity": "Actividad no planificada",
            "serviceLine": "Línea de servicio de operación"
        },
        "period": {
            "from": "2016-05-15T22:00:00.000Z",
            "to": "2016-06-15T21:59:59.999Z"
        },
        "value": 0,
        "penalty": "porcentajePTOT"
    },
    {
        "scope": {
            "activity": "Actividad no planificada",
            "serviceLine": "Línea de servicio de operación"
        },
        "period": {
            "from": "2016-06-15T22:00:00.000Z",
            "to": "2016-07-15T21:59:59.999Z"
        },
        "value": 0,
        "penalty": "porcentajePTOT"
    },
    {
        "scope": {
            "activity": "Actividad no planificada",
            "serviceLine": "Línea de servicio de operación"
        },
        "period": {
            "from": "2016-07-15T22:00:00.000Z",
            "to": "2016-08-15T21:59:59.999Z"
        },
        "value": 0,
        "penalty": "porcentajePTOT"
    },
    {
        "scope": {
            "activity": "Actividad no planificada",
            "serviceLine": "Línea de servicio de operación"
        },
        "period": {
            "from": "2016-08-15T22:00:00.000Z",
            "to": "2016-09-15T21:59:59.999Z"
        },
        "value": 0,
        "penalty": "porcentajePTOT"
    },
    {
        "scope": {
            "activity": "Actividad no planificada",
            "serviceLine": "Línea de servicio de operación"
        },
        "period": {
            "from": "2016-09-15T22:00:00.000Z",
            "to": "2016-10-15T21:59:59.999Z"
        },
        "value": 0,
        "penalty": "porcentajePTOT"
    },
    {
        "scope": {
            "activity": "Actividad no planificada",
            "serviceLine": "Línea de servicio de operación"
        },
        "period": {
            "from": "2016-10-15T22:00:00.000Z",
            "to": "2016-11-15T22:59:59.999Z"
        },
        "value": 0,
        "penalty": "porcentajePTOT"
    },
    {
        "scope": {
            "activity": "Actividad no planificada",
            "serviceLine": "Línea de servicio de operación"
        },
        "period": {
            "from": "2016-11-15T23:00:00.000Z",
            "to": "2016-12-15T22:59:59.999Z"
        },
        "value": 0,
        "penalty": "porcentajePTOT"
    },
    {
        "scope": {
            "activity": "Actividad no planificada",
            "serviceLine": "Línea de servicio de operación"
        },
        "period": {
            "from": "2016-12-15T23:00:00.000Z",
            "to": "2017-01-15T22:59:59.999Z"
        },
        "value": 0,
        "penalty": "porcentajePTOT"
    },
    {
        "scope": {
            "activity": "Actividad no planificada",
            "serviceLine": "Línea de servicio de operación"
        },
        "period": {
            "from": "2017-01-15T23:00:00.000Z",
            "to": "2017-02-15T22:59:59.999Z"
        },
        "value": 0,
        "penalty": "porcentajePTOT"
    },
    {
        "scope": {
            "activity": "Actividad no planificada",
            "serviceLine": "Línea de servicio de operación"
        },
        "period": {
            "from": "2017-02-15T23:00:00.000Z",
            "to": "2017-03-15T22:59:59.999Z"
        },
        "value": 0,
        "penalty": "porcentajePTOT"
    },
    {
        "scope": {
            "activity": "Actividad no planificada",
            "serviceLine": "Línea de servicio de operación"
        },
        "period": {
            "from": "2017-03-15T23:00:00.000Z",
            "to": "2017-04-15T21:59:59.999Z"
        },
        "value": 0,
        "penalty": "porcentajePTOT"
    },
    {
        "scope": {
            "activity": "Actividad no planificada",
            "serviceLine": "Línea de servicio de operación"
        },
        "period": {
            "from": "2017-04-15T22:00:00.000Z",
            "to": "2017-05-15T21:59:59.999Z"
        },
        "value": 0,
        "penalty": "porcentajePTOT"
    },
    {
        "scope": {
            "activity": "Actividad no planificada",
            "serviceLine": "Línea de servicio de operación"
        },
        "period": {
            "from": "2017-05-15T22:00:00.000Z",
            "to": "2017-06-15T21:59:59.999Z"
        },
        "value": 0,
        "penalty": "porcentajePTOT"
    },
    {
        "scope": {
            "activity": "Actividad no planificada",
            "serviceLine": "Línea de servicio de operación"
        },
        "period": {
            "from": "2017-06-15T22:00:00.000Z",
            "to": "2017-07-15T21:59:59.999Z"
        },
        "value": 0,
        "penalty": "porcentajePTOT"
    },
    {
        "scope": {
            "activity": "Actividad no planificada",
            "serviceLine": "Línea de servicio de operación"
        },
        "period": {
            "from": "2017-07-15T22:00:00.000Z",
            "to": "2017-08-15T21:59:59.999Z"
        },
        "value": 0,
        "penalty": "porcentajePTOT"
    },
    {
        "scope": {
            "activity": "Actividad no planificada",
            "serviceLine": "Línea de servicio de operación"
        },
        "period": {
            "from": "2017-08-15T22:00:00.000Z",
            "to": "2017-09-15T21:59:59.999Z"
        },
        "value": 0,
        "penalty": "porcentajePTOT"
    }
    // ]