{
    "metric": "SPU_IO_K01",
    "scope": {
        "activity": "Actividad no planificada",
        "serviceLine": "Línea de servicio de operación",
        "node": "*",
        "priority": "P1"
    },
    "parameters": {
        "schedule": "L-DT00:00-23:59",
        "deadline": "<= 2"
    },
    "evidences": [{
        "id": "SPU_IO_K01_evidence",
        "computer": "http://localhost:8080/api/v5/indicators/SPU_IO_K01_evidence/"
    }, {
        "id": "issue_start",
        "computer": "http://localhost:8080/api/v5/indicators/issue_start/"
    }, {
        "id": "issue_end",
        "computer": "http://localhost:8080/api/v5/indicators/issue_end/"
    }, {
        "id": "issue_duration",
        "computer": "http://localhost:8080/api/v5/indicators/issue_duration/"
    }, {
        "id": "issue_idle_time",
        "computer": "http://localhost:8080/api/v5/indicators/issue_idle_time/"
    }, {
        "id": "issue_subject",
        "computer": "http://localhost:8080/api/v5/indicators/issue_subject/"
    }, {
        "id": "issue_source",
        "computer": "http://localhost:8080/api/v5/indicators/issue_source/"
    }, {
        "id": "issue_typology",
        "computer": "http://localhost:8080/api/v5/indicators/issue_typology/"
    }, {
        "id": "issue_priority",
        "computer": "http://localhost:8080/api/v5/indicators/issue_priority/"
    }, {
        "id": "issue_resource",
        "computer": "http://localhost:8080/api/v5/indicators/issue_resource/"
    }, {
        "id": "issue_node",
        "computer": "http://localhost:8080/api/v5/indicators/issue_node/"
    }, {
        "id": "issue_center",
        "computer": "http://localhost:8080/api/v5/indicators/issue_center/"
    }, {
        "id": "issue_resolutor",
        "computer": "http://localhost:8080/api/v5/indicators/issue_resolutor/"
    }],
    "window": {
        "initial": "2014-10-15T22:00:00.000Z",
        "period": "monthly",
        "type": "static",
        "timeZone": "Europe/Madrid"
    },
    "period": {
        "from": "*",
        "to": "*"
    },
    "records": [{
        "value": "100.0",
        "logsState": 14,
        "evidences": [{
            "issue_resource": "NO_RECEPCIONADO",
            "issue_priority": "P2",
            "issue_idle_time": "NaN",
            "issue_center": "PUERTA BLANCA",
            "issue_node": "SEVILLA",
            "issue_resolutor": "RESOLUTOR-PUESTO-USUARIO",
            "SPU_IO_K01_evidence": "true",
            "issue_typology": "Incidencia.Sistema.Cliente",
            "issue_duration": "3600.0",
            "issue_start": "2016-01-20T08:00:00.000Z",
            "issue_source": "TELEFONO",
            "issue_subject": "la maquina",
            "id": "4444444",
            "issue_end": "2016-01-20T09:00:00.000Z"
        }, {
            "issue_resource": "NO_RECEPCIONADO",
            "issue_priority": "P2",
            "issue_idle_time": "NaN",
            "issue_center": "PUERTA BLANCA",
            "issue_node": "SEVILLA",
            "issue_resolutor": "RESOLUTOR-PUESTO-USUARIO",
            "SPU_IO_K01_evidence": "true",
            "issue_typology": "Incidencia.Sistema.Cliente",
            "issue_duration": "1800.0",
            "issue_start": "2016-01-20T11:00:00.000Z",
            "issue_source": "TELEFONO",
            "issue_subject": "la maquina",
            "id": "11111111",
            "issue_end": "2016-01-20T12:00:00.000Z"
        }, {
            "issue_resource": "SW_COMERCIAL",
            "issue_priority": "P2",
            "issue_idle_time": "46800.0",
            "issue_center": "H. U. DE JEREZ",
            "issue_node": "SEVILLA",
            "issue_resolutor": "RESOLUTOR-PUESTO-USUARIO",
            "SPU_IO_K01_evidence": "false",
            "issue_typology": "Incidencia.Sistema.Cliente",
            "issue_duration": "46800.0",
            "issue_start": "2016-01-20T07:00:00.000Z",
            "issue_source": "TELEFONO",
            "issue_subject": "Error al c",
            "id": "16161611616",
            "issue_end": "2016-01-23T10:00:00.000Z"
        }, {
            "issue_resource": "SW_COMERCIAL",
            "issue_priority": "P2",
            "issue_idle_time": "NaN",
            "issue_center": "H. U. VIRGEN DEL ROCIO",
            "issue_node": "SEVILLA",
            "issue_resolutor": "RESOLUTOR-PUESTO-USUARIO",
            "SPU_IO_K01_evidence": "false",
            "issue_typology": "Incidencia.Sistema.Cliente",
            "issue_duration": "331200.0",
            "issue_start": "2016-01-20T11:00:00.000Z",
            "issue_source": "TELEFONO",
            "issue_subject": "Error al c",
            "id": "13131313",
            "issue_end": "2016-01-30T11:30:00.000Z"
        }, {
            "issue_resource": "GENERICO Axarquia",
            "issue_priority": "P2",
            "issue_idle_time": "NaN",
            "issue_center": "H. C. AXARQUIA",
            "issue_node": "SEVILLA",
            "issue_resolutor": "RESOLUTOR-PUESTO-USUARIO",
            "SPU_IO_K01_evidence": "true",
            "issue_typology": "Incidencia.Hardware.Raton",
            "issue_duration": "10800.0",
            "issue_start": "2016-01-20T11:00:00.000Z",
            "issue_source": "WEBSVC",
            "issue_subject": "la usuaria",
            "id": "8888888",
            "issue_end": "2016-01-20T14:00:00.000Z"
        }, {
            "issue_resource": "NO_RECEPCIONADO",
            "issue_priority": "P2",
            "issue_idle_time": "NaN",
            "issue_center": "H. U. VIRGEN DEL ROCIO",
            "issue_node": "SEVILLA",
            "issue_resolutor": "RESOLUTOR-PUESTO-USUARIO",
            "SPU_IO_K01_evidence": "true",
            "issue_typology": "Incidencia.Sistema.Cliente",
            "issue_duration": "3600.0",
            "issue_start": "2016-01-20T08:00:00.000Z",
            "issue_source": "TELEFONO",
            "issue_subject": "la maquina",
            "id": "9866666666",
            "issue_end": "2016-01-20T09:00:00.000Z"
        }, {
            "issue_resource": "NO_RECEPCIONADO",
            "issue_priority": "P2",
            "issue_idle_time": "NaN",
            "issue_center": "PUERTA BLANCA",
            "issue_node": "SEVILLA",
            "issue_resolutor": "RESOLUTOR-PUESTO-USUARIO",
            "SPU_IO_K01_evidence": "true",
            "issue_typology": "Incidencia.Sistema.Cliente",
            "issue_duration": "3600.0",
            "issue_start": "2016-01-20T08:00:00.000Z",
            "issue_source": "TELEFONO",
            "issue_subject": "la maquina",
            "id": "984444444",
            "issue_end": "2016-01-20T09:00:00.000Z"
        }, {
            "issue_resource": "NO_RECEPCIONADO",
            "issue_priority": "P2",
            "issue_idle_time": "NaN",
            "issue_center": "PUERTA BLANCA",
            "issue_node": "SEVILLA",
            "issue_resolutor": "RESOLUTOR-PUESTO-USUARIO",
            "SPU_IO_K01_evidence": "true",
            "issue_typology": "Incidencia.Sistema.Cliente",
            "issue_duration": "3600.0",
            "issue_start": "2016-01-20T11:00:00.000Z",
            "issue_source": "TELEFONO",
            "issue_subject": "la maquina",
            "id": "5555555",
            "issue_end": "2016-01-20T12:00:00.000Z"
        }, {
            "issue_resource": "NO_RECEPCIONADO",
            "issue_priority": "P2",
            "issue_idle_time": "NaN",
            "issue_center": "H. U. VIRGEN DEL ROCIO",
            "issue_node": "SEVILLA",
            "issue_resolutor": "RESOLUTOR-PUESTO-USUARIO",
            "SPU_IO_K01_evidence": "true",
            "issue_typology": "Incidencia.Sistema.Cliente",
            "issue_duration": "3600.0",
            "issue_start": "2016-01-20T11:00:00.000Z",
            "issue_source": "TELEFONO",
            "issue_subject": "la maquina",
            "id": "985555555",
            "issue_end": "2016-01-20T12:00:00.000Z"
        }, {
            "issue_resource": "GENERICO Axarquia",
            "issue_priority": "P2",
            "issue_idle_time": "NaN",
            "issue_center": "H. C. AXARQUIA",
            "issue_node": "SEVILLA",
            "issue_resolutor": "RESOLUTOR-PUESTO-USUARIO",
            "SPU_IO_K01_evidence": "false",
            "issue_typology": "Incidencia.Hardware.Raton",
            "issue_duration": "331200.0",
            "issue_start": "2016-01-20T11:00:00.000Z",
            "issue_source": "WEBSVC",
            "issue_subject": "la usuaria",
            "id": "777777",
            "issue_end": "2016-01-30T15:00:00.000Z"
        }, {
            "issue_resource": "H. U. VIRGEN DEL ROCIO",
            "issue_priority": "P2",
            "issue_idle_time": "NaN",
            "issue_center": "H. U. VIRGEN DEL ROCIO",
            "issue_node": "SEVILLA",
            "issue_resolutor": "RESOLUTOR-PUESTO-USUARIO",
            "SPU_IO_K01_evidence": "true",
            "issue_typology": "Incidencia.Hardware.Raton",
            "issue_duration": "1800.0",
            "issue_start": "2016-01-20T11:00:00.000Z",
            "issue_source": "WEBSVC",
            "issue_subject": "la usuaria",
            "id": "121212122",
            "issue_end": "2016-01-20T11:30:00.000Z"
        }],
        "parameters": {
            "schedule": "L-VT08:00-20:00",
            "deadline": "<= 4"
        }
    }]
}