{
    "measures": "http://nginx/SPU_IO.json",
    "holidays": "http://nginx/holidays.json",
    "logStatus": "/count"
}