{
	"name": "SPU",
	"description": "Measures for SPU ANS",
	"definitions": [{
		"kind": "DerivedMultiInstanceMeasure",
		"id": "SPU_IO_K01",
		"name": "Porcentaje incidencias resueltas en plazo",
		"description": "Porcentaje de incidencias resueltas en plazo respecto del total de incidencias comunicadas",
		"function": " value * 100",
		"usedMeasureMap": {
			"value": {
				"kind": "AggregatedMeasure",
				"aggregationFunction": "Average",
				"groupedBy": [{
					"selection": "NODO",
					"dataobjectId": "NODO"
				}],
				"baseMeasure": {
					"kind": "DerivedSingleInstanceMeasure",
					"function": " time ${deadline}",
					"usedMeasureMap": {
						"time": {
							"kind": "TimeMeasure",
							"unitOfMeasure": "hours",
							"from": {
								"kind": "TimeInstantCondition",
								"appliesTo": "Data",
								"changesToState": {
									"dataObjectState": {
										"name": "ESTADO == 'Abierta' && PRIORIDAD == '${priority}' && (RESOLUTOR == 'SAS-OFIMATICA-LAN' || RESOLUTOR == 'RESOLUTOR-PUESTO-USUARIO') && TIPOLOGIA.startsWith('Incidencia')"
									}
								}
							},
							"to": {
								"kind": "TimeInstantCondition",
								"appliesTo": "Data",
								"changesToState": {
									"dataObjectState": {
										"name": "!(ESTADO == 'Abierta' && PRIORIDAD == '${priority}' && (RESOLUTOR == 'SAS-OFIMATICA-LAN' || RESOLUTOR == 'RESOLUTOR-PUESTO-USUARIO') && TIPOLOGIA.startsWith('Incidencia'))"
									}
								}
							},
							"timeMeasureType": "CYCLIC",
							"singleInstanceAggFunction": "Sum",
							"considerOnly": "${schedule}",
							"computeUnfinished": false
						}
					}
				},
				"filter": {
					"kind": "DerivedSingleInstanceMeasure",
					"id": "filter",
					"function": "solicitudesPadre == 'null' && (estado == 'Cerrada' || estado == 'Cancelada' || estado == 'Anulada') && count > 0",
					"usedMeasureMap": {
						"estado": {
							"kind": "DataMeasure",
							"dataContentSelection": {
								"selection": "ESTADO",
								"dataobjectId": "ESTADO"
							},
							"first": false
						},
						"solicitudesPadre": {
							"kind": "DataMeasure",
							"dataContentSelection": {
								"selection": "PADRE",
								"dataobjectId": "PADRE"
							},
							"first": false
						},
						"count": {
							"kind": "CountMeasure",
							"when": {
								"kind": "TimeInstantCondition",
								"appliesTo": "Data",
								"changesToState": {
									"dataObjectState": {
										"name": "PRIORIDAD == '${priority}' && (RESOLUTOR == 'SAS-OFIMATICA-LAN' || RESOLUTOR == 'RESOLUTOR-PUESTO-USUARIO') && TIPOLOGIA.startsWith('Incidencia')"
									}
								}
							}
						}
					}
				},
				"includeUnfinished": false,
				"aggregates": false
			}
		}
	}, {
		"kind": "DerivedSingleInstanceMeasure",
		"id": "SPU_IO_K01_evidence",
		"function": " time ${deadline}",
		"usedMeasureMap": {
			"time": {
				"kind": "TimeMeasure",
				"unitOfMeasure": "hours",
				"from": {
					"kind": "TimeInstantCondition",
					"appliesTo": "Data",
					"changesToState": {
						"dataObjectState": {
							"name": "ESTADO == 'Abierta' && PRIORIDAD == '${priority}' && (RESOLUTOR == 'SAS-OFIMATICA-LAN' || RESOLUTOR == 'RESOLUTOR-PUESTO-USUARIO') && TIPOLOGIA.startsWith('Incidencia')"
						}
					}
				},
				"to": {
					"kind": "TimeInstantCondition",
					"appliesTo": "Data",
					"changesToState": {
						"dataObjectState": {
							"name": "!(ESTADO == 'Abierta' && PRIORIDAD == '${priority}' && (RESOLUTOR == 'SAS-OFIMATICA-LAN' || RESOLUTOR == 'RESOLUTOR-PUESTO-USUARIO') && TIPOLOGIA.startsWith('Incidencia'))"
						}
					}
				},
				"timeMeasureType": "CYCLIC",
				"singleInstanceAggFunction": "Sum",
				"considerOnly": "${schedule}",
				"computeUnfinished": false
			}
		}
	}, {
		"kind": "DerivedMultiInstanceMeasure",
		"id": "SPU_IO_K05",
		"name": "Porcentaje incidencias sin categorizar el motivo de cierre",
		"description": "Porcentaje de incidencias cerradas sin indicar un motivo de cierre concreto y categorizado que muestre la soluciÃ³n aplicada para la incidencia.",
		"function": " value * 100",
		"usedMeasureMap": {
			"value": {
				"kind": "AggregatedMeasure",
				"aggregationFunction": "Average",
				"groupedBy": [{
					"selection": "NODO",
					"dataobjectId": "NODO"
				}],
				"baseMeasure": {
					"kind": "DerivedSingleInstanceMeasure",
					"function": "motivoCierre == '' && (asignatarioDeResolucionUltima != 'null') && (asignatarioDeResolucionUltima == 'SAS-OFIMATICA-LAN' || asignatarioDeResolucionUltima == 'RESOLUTOR-PUESTO-USUARIO')",
					"usedMeasureMap": {
						"motivoCierre": {
							"kind": "DataMeasure",
							"dataContentSelection": {
								"selection": "MOTIVOCIERRE"
							},
							"first": false
						},
						"asignatarioDeResolucionUltima": {
							"kind": "DataMeasure",
							"dataContentSelection": {
								"selection": "RESOLUTOR"
							},
							"precondition": {
								"TimeInstantCondition": {
									"appliesTo": "Data",
									"changesToState": {
										"dataObjectState": {
											"name": "ESTADO == 'Fijada' && TIPOLOGIA.startsWith('Incidencia')"
										}
									}
								}
							},
							"first": false
						}
					}
				},
				"filter": {
					"kind": "DerivedSingleInstanceMeasure",
					"function": "solicitudesPadre == 'null' && (estado == 'Cerrada') && (asignatarioDeResolucionUltima != 'null') && (asignatarioDeResolucionUltima == 'SAS-OFIMATICA-LAN' || asignatarioDeResolucionUltima == 'RESOLUTOR-PUESTO-USUARIO')",
					"usedMeasureMap": {
						"estado": {
							"kind": "DataMeasure",
							"dataContentSelection": {
								"selection": "ESTADO",
								"dataobjectId": "ESTADO"
							},
							"first": false
						},
						"solicitudesPadre": {
							"kind": "DataMeasure",
							"dataContentSelection": {
								"selection": "PADRE",
								"dataobjectId": "PADRE"
							},
							"first": false
						},
						"asignatarioDeResolucionUltima": {
							"kind": "DataMeasure",
							"dataContentSelection": {
								"selection": "RESOLUTOR"
							},
							"precondition": {
								"TimeInstantCondition": {
									"appliesTo": "Data",
									"changesToState": {
										"dataObjectState": {
											"name": "ESTADO == 'Fijada' && TIPOLOGIA.startsWith('Incidencia')"
										}
									}
								}
							},
							"first": false
						}
					}
				},
				"includeUnfinished": false,
				"aggregates": false
			}
		}
	}, {
		"kind": "DerivedSingleInstanceMeasure",
		"id": "SPU_IO_K05_evidence",
		"function": "motivoCierre == '' && (asignatarioDeResolucionUltima != 'null') && (asignatarioDeResolucionUltima == 'SAS-OFIMATICA-LAN' || asignatarioDeResolucionUltima == 'RESOLUTOR-PUESTO-USUARIO')",
		"usedMeasureMap": {
			"motivoCierre": {
				"kind": "DataMeasure",
				"dataContentSelection": {
					"selection": "MOTIVOCIERRE"
				},
				"first": false
			},
			"asignatarioDeResolucionUltima": {
				"kind": "DataMeasure",
				"dataContentSelection": {
					"selection": "RESOLUTOR"
				},
				"precondition": {
					"TimeInstantCondition": {
						"appliesTo": "Data",
						"changesToState": {
							"dataObjectState": {
								"name": "ESTADO == 'Fijada' && TIPOLOGIA.startsWith('Incidencia')"
							}
						}
					}
				},
				"first": false
			}
		}
	}, {
		"kind": "DerivedMultiInstanceMeasure",
		"id": "SPU_IO_K06",
		"name": "Porcentaje incidencias reabiertas",
		"description": "Porcentaje de incidencias que se deben reabrir debido a que en su momento no fueron correctamente solucionadas, es decir, mal cerradas.",
		"function": " value * 100",
		"usedMeasureMap": {
			"value": {
				"kind": "AggregatedMeasure",
				"aggregationFunction": "Average",
				"groupedBy": [{
					"selection": "NODO",
					"dataobjectId": "NODO"
				}],
				"baseMeasure": {
					"kind": "DerivedSingleInstanceMeasure",
					"function": "actividadesDeReaperturaDespuesDeResolucionSPU > 0",
					"usedMeasureMap": {
						"actividadesDeReaperturaDespuesDeResolucionSPU": {
							"kind": "CountMeasure",
							"when": {
								"kind": "TimeInstantCondition",
								"appliesTo": "Process",
								"changesToState": {
									"complexState": {
										"first": {
											"kind": "TimeInstantCondition",
											"appliesTo": "Data",
											"changesToState": {
												"dataObjectState": {
													"name": "ESTADO == 'Fijada' && (RESOLUTOR == 'SAS-OFIMATICA-LAN' || RESOLUTOR == 'RESOLUTOR-PUESTO-USUARIO') && TIPOLOGIA.startsWith('Incidencia')"
												}
											}
										},
										"last": {
											"kind": "TimeInstantCondition",
											"appliesTo": "Data",
											"changesToState": {
												"dataObjectState": {
													"name": "ESTADO == 'Abierta' && (RESOLUTOR == 'SAS-OFIMATICA-LAN' || RESOLUTOR == 'RESOLUTOR-PUESTO-USUARIO') && TIPOLOGIA.startsWith('Incidencia') && REAPERTURAINC == 0"
												}
											}
										},
										"type": "LEADSTO"
									}
								}
							}
						}
					}
				},
				"filter": {
					"kind": "DerivedSingleInstanceMeasure",
					"function": "solicitudesPadre == 'null' && (estado == 'Cerrada') && accionesDeResolucionPorSPU > 0",
					"usedMeasureMap": {
						"estado": {
							"kind": "DataMeasure",
							"dataContentSelection": {
								"selection": "ESTADO",
								"dataobjectId": "ESTADO"
							},
							"first": false
						},
						"solicitudesPadre": {
							"kind": "DataMeasure",
							"dataContentSelection": {
								"selection": "PADRE",
								"dataobjectId": "PADRE"
							},
							"first": false
						},
						"accionesDeResolucionPorSPU": {
							"kind": "CountMeasure",
							"when": {
								"kind": "TimeInstantCondition",
								"appliesTo": "Data",
								"changesToState": {
									"dataObjectState": {
										"name": "ESTADO == 'Fijada' && (RESOLUTOR == 'SAS-OFIMATICA-LAN' || RESOLUTOR == 'RESOLUTOR-PUESTO-USUARIO') && TIPOLOGIA.startsWith('Incidencia')"
									}
								}
							}
						}
					}
				},
				"includeUnfinished": false,
				"aggregates": false
			}
		}
	}, {
		"kind": "DerivedSingleInstanceMeasure",
		"id": "SPU_IO_K06_evidence",
		"function": "actividadesDeReaperturaDespuesDeResolucionSPU > 0",
		"usedMeasureMap": {
			"actividadesDeReaperturaDespuesDeResolucionSPU": {
				"kind": "CountMeasure",
				"when": {
					"kind": "TimeInstantCondition",
					"appliesTo": "Process",
					"changesToState": {
						"complexState": {
							"first": {
								"kind": "TimeInstantCondition",
								"appliesTo": "Data",
								"changesToState": {
									"dataObjectState": {
										"name": "ESTADO == 'Fijada' && (RESOLUTOR == 'SAS-OFIMATICA-LAN' || RESOLUTOR == 'RESOLUTOR-PUESTO-USUARIO') && TIPOLOGIA.startsWith('Incidencia')"
									}
								}
							},
							"last": {
								"kind": "TimeInstantCondition",
								"appliesTo": "Data",
								"changesToState": {
									"dataObjectState": {
										"name": "ESTADO == 'Abierta' && (RESOLUTOR == 'SAS-OFIMATICA-LAN' || RESOLUTOR == 'RESOLUTOR-PUESTO-USUARIO') && TIPOLOGIA.startsWith('Incidencia') && REAPERTURAINC == 0"
									}
								}
							},
							"type": "LEADSTO"
						}
					}
				}
			}
		}
	}, {
		"kind": "DerivedMultiInstanceMeasure",
		"id": "SPU_IO_K06_t",
		"name": "Porcentaje incidencias reabiertas por centros",
		"description": "Porcentaje de incidencias que se deben reabrir debido a que en su momento no fueron correctamente solucionadas, es decir, mal cerradas.",
		"function": " value * 100",
		"usedMeasureMap": {
			"value": {
				"kind": "AggregatedMeasure",
				"id": "SPU_IO_K06_t",
				"name": "Porcentaje incidencias reabiertas por centros",
				"description": "Porcentaje de incidencias que se deben reabrir debido a que en su momento no fueron correctamente solucionadas, es decir, mal cerradas.",
				"aggregationFunction": "Average",
				"groupedBy": [{
					"selection": "NODO",
					"dataobjectId": "NODO"
				}, {
					"selection": "CENTRO",
					"dataobjectId": "CENTRO"
				}],
				"baseMeasure": {
					"kind": "DerivedSingleInstanceMeasure",
					"function": "actividadesDeReaperturaDespuesDeResolucionSPU > 0",
					"usedMeasureMap": {
						"actividadesDeReaperturaDespuesDeResolucionSPU": {
							"kind": "CountMeasure",
							"when": {
								"kind": "TimeInstantCondition",
								"appliesTo": "Process",
								"changesToState": {
									"complexState": {
										"first": {
											"kind": "TimeInstantCondition",
											"appliesTo": "Data",
											"changesToState": {
												"dataObjectState": {
													"name": "ESTADO == 'Fijada' && (RESOLUTOR == 'SAS-OFIMATICA-LAN' || RESOLUTOR == 'RESOLUTOR-PUESTO-USUARIO') && TIPOLOGIA.startsWith('Incidencia')"
												}
											}
										},
										"last": {
											"kind": "TimeInstantCondition",
											"appliesTo": "Data",
											"changesToState": {
												"dataObjectState": {
													"name": "ESTADO == 'Abierta' && (RESOLUTOR == 'SAS-OFIMATICA-LAN' || RESOLUTOR == 'RESOLUTOR-PUESTO-USUARIO') && TIPOLOGIA.startsWith('Incidencia') && REAPERTURAINC == 0"
												}
											}
										},
										"type": "LEADSTO"
									}
								}
							}
						}
					}
				},
				"filter": {
					"kind": "DerivedSingleInstanceMeasure",
					"function": "solicitudesPadre == 'null' && (estado == 'Cerrada') && accionesDeResolucionPorSPU > 0",
					"usedMeasureMap": {
						"estado": {
							"kind": "DataMeasure",
							"dataContentSelection": {
								"selection": "ESTADO",
								"dataobjectId": "ESTADO"
							},
							"first": false
						},
						"solicitudesPadre": {
							"kind": "DataMeasure",
							"dataContentSelection": {
								"selection": "PADRE",
								"dataobjectId": "PADRE"
							},
							"first": false
						},
						"accionesDeResolucionPorSPU": {
							"kind": "CountMeasure",
							"when": {
								"kind": "TimeInstantCondition",
								"appliesTo": "Data",
								"changesToState": {
									"dataObjectState": {
										"name": "ESTADO == 'Fijada' && (RESOLUTOR == 'SAS-OFIMATICA-LAN' || RESOLUTOR == 'RESOLUTOR-PUESTO-USUARIO') && TIPOLOGIA.startsWith('Incidencia')"
									}
								}
							}
						}
					}
				},
				"includeUnfinished": false,
				"aggregates": false
			}
		}
	}, {
		"kind": "DerivedSingleInstanceMeasure",
		"id": "SPU_IO_K06_t_evidence",
		"function": "actividadesDeReaperturaDespuesDeResolucionSPU > 0",
		"usedMeasureMap": {
			"actividadesDeReaperturaDespuesDeResolucionSPU": {
				"kind": "CountMeasure",
				"when": {
					"kind": "TimeInstantCondition",
					"appliesTo": "Process",
					"changesToState": {
						"complexState": {
							"first": {
								"kind": "TimeInstantCondition",
								"appliesTo": "Data",
								"changesToState": {
									"dataObjectState": {
										"name": "ESTADO == 'Fijada' && (RESOLUTOR == 'SAS-OFIMATICA-LAN' || RESOLUTOR == 'RESOLUTOR-PUESTO-USUARIO') && TIPOLOGIA.startsWith('Incidencia')"
									}
								}
							},
							"last": {
								"kind": "TimeInstantCondition",
								"appliesTo": "Data",
								"changesToState": {
									"dataObjectState": {
										"name": "ESTADO == 'Abierta' && (RESOLUTOR == 'SAS-OFIMATICA-LAN' || RESOLUTOR == 'RESOLUTOR-PUESTO-USUARIO') && TIPOLOGIA.startsWith('Incidencia') && REAPERTURAINC == 0"
									}
								}
							},
							"type": "LEADSTO"
						}
					}
				}
			}
		}
	}, {
		"kind": "DerivedMultiInstanceMeasure",
		"id": "SPU_IO_K10",
		"name": "Porcentaje incidencias reclamadas con el ANS cumplido",
		"description": "Porcentaje de incidencias que son reclamadas por el SAS donde se han superado los tiempos objetivos de resoluciÃ³n de los ANS",
		"function": " value * 100",
		"usedMeasureMap": {
			"value": {
				"kind": "AggregatedMeasure",
				"aggregationFunction": "Average",
				"groupedBy": [{
					"selection": "NODO",
					"dataobjectId": "NODO"
				}],
				"baseMeasure": {
					"kind": "DerivedSingleInstanceMeasure",
					"id": "SPU_IO_K10_evidence",
					"function": " !Double.isNaN(tiempoHastaReclamacion) && ! (tiempoHastaReclamacion${deadline})",
					"usedMeasureMap": {
						"tiempoHastaReclamacion": {
							"kind": "TimeMeasure",
							"unitOfMeasure": "hours",
							"from": {
								"kind": "TimeInstantCondition",
								"appliesTo": "Data",
								"changesToState": {
									"dataObjectState": {
										"name": "ESTADO == 'Abierta' && PRIORIDAD == '${priority}' && (RESOLUTOR == 'SAS-OFIMATICA-LAN' || RESOLUTOR == 'RESOLUTOR-PUESTO-USUARIO') && TIPOLOGIA.startsWith('Incidencia')"
									}
								}
							},
							"to": {
								"kind": "TimeInstantCondition",
								"appliesTo": "Data",
								"changesToState": {
									"dataObjectState": {
										"name": "RECLAMACION > 0"
									}
								}
							},
							"timeMeasureType": "LINEAR",
							"singleInstanceAggFunction": "Sum",
							"considerOnly": "${schedule}",
							"precondition": {
								"DataPropertyCondition": {
									"appliesTo": "Data",
									"restriction": "ESTADO == 'Abierta' && PRIORIDAD == '${priority}' && (RESOLUTOR == 'SAS-OFIMATICA-LAN' || RESOLUTOR == 'RESOLUTOR-PUESTO-USUARIO') && TIPOLOGIA.startsWith('Incidencia')"
								}
							},
							"computeUnfinished": false
						}
					}
				},
				"filter": {
					"kind": "DerivedSingleInstanceMeasure",
					"id": "filter",
					"function": "solicitudesPadre == 'null' && (estado == 'Cerrada' || estado == 'Cancelada' || estado == 'Anulada') && count > 0",
					"usedMeasureMap": {
						"estado": {
							"kind": "DataMeasure",
							"dataContentSelection": {
								"selection": "ESTADO",
								"dataobjectId": "ESTADO"
							},
							"first": false
						},
						"solicitudesPadre": {
							"kind": "DataMeasure",
							"dataContentSelection": {
								"selection": "PADRE",
								"dataobjectId": "PADRE"
							},
							"first": false
						},
						"count": {
							"kind": "CountMeasure",
							"when": {
								"kind": "TimeInstantCondition",
								"appliesTo": "Data",
								"changesToState": {
									"dataObjectState": {
										"name": "PRIORIDAD == '${priority}' && (RESOLUTOR == 'SAS-OFIMATICA-LAN' || RESOLUTOR == 'RESOLUTOR-PUESTO-USUARIO') && TIPOLOGIA.startsWith('Incidencia')"
									}
								}
							}
						}
					}
				},
				"includeUnfinished": false,
				"aggregates": false
			}
		}
	}, {
		"kind": "DerivedSingleInstanceMeasure",
		"id": "SPU_IO_K10_evidence",
		"function": " !Double.isNaN(tiempoHastaReclamacion) && ! (tiempoHastaReclamacion${deadline})",
		"usedMeasureMap": {
			"tiempoHastaReclamacion": {
				"kind": "TimeMeasure",
				"unitOfMeasure": "hours",
				"from": {
					"kind": "TimeInstantCondition",
					"appliesTo": "Data",
					"changesToState": {
						"dataObjectState": {
							"name": "ESTADO == 'Abierta' && PRIORIDAD == '${priority}' && (RESOLUTOR == 'SAS-OFIMATICA-LAN' || RESOLUTOR == 'RESOLUTOR-PUESTO-USUARIO') && TIPOLOGIA.startsWith('Incidencia')"
						}
					}
				},
				"to": {
					"kind": "TimeInstantCondition",
					"appliesTo": "Data",
					"changesToState": {
						"dataObjectState": {
							"name": "RECLAMACION > 0"
						}
					}
				},
				"timeMeasureType": "LINEAR",
				"singleInstanceAggFunction": "Sum",
				"considerOnly": "${schedule}",
				"precondition": {
					"DataPropertyCondition": {
						"appliesTo": "Data",
						"restriction": "ESTADO == 'Abierta' && PRIORIDAD == '${priority}' && (RESOLUTOR == 'SAS-OFIMATICA-LAN' || RESOLUTOR == 'RESOLUTOR-PUESTO-USUARIO') && TIPOLOGIA.startsWith('Incidencia')"
					}
				},
				"computeUnfinished": false
			}
		}
	}, {
		"kind": "DerivedMultiInstanceMeasure",
		"id": "SPU_IO_K14",
		"name": "Porcentaje incidencias pendientes de resolver > 1 semana",
		"description": "Porcentaje de incidencias pendientes de resolver con mÃ¡s de una semana",
		"function": " value * 100",
		"usedMeasureMap": {
			"value": {
				"kind": "AggregatedMeasure",
				"aggregationFunction": "Average",
				"groupedBy": [{
					"selection": "NODO",
					"dataobjectId": "NODO"
				}],
				"baseMeasure": {
					"kind": "DerivedSingleInstanceMeasure",
					"id": "SPU_IO_K14_evidence",
					"function": " !Double.isNaN(time) && !(time ${deadline})",
					"usedMeasureMap": {
						"time": {
							"kind": "TimeMeasure",
							"unitOfMeasure": "hours",
							"from": {
								"kind": "TimeInstantCondition",
								"appliesTo": "Data",
								"changesToState": {
									"dataObjectState": {
										"name": "(ESTADO == 'Abierta' || ESTADO == 'Retrasada') && PRIORIDAD == '${priority}' && (RESOLUTOR == 'SAS-OFIMATICA-LAN' || RESOLUTOR == 'RESOLUTOR-PUESTO-USUARIO') && TIPOLOGIA.startsWith('Incidencia')"
									}
								}
							},
							"to": {
								"kind": "TimeInstantCondition",
								"appliesTo": "Data",
								"changesToState": {
									"dataObjectState": {
										"name": "(!(ESTADO == 'Abierta' || ESTADO == 'Retrasada')) && PRIORIDAD == '${priority}' && (RESOLUTOR == 'SAS-OFIMATICA-LAN' || RESOLUTOR == 'RESOLUTOR-PUESTO-USUARIO') && TIPOLOGIA.startsWith('Incidencia')"
									}
								}
							},
							"timeMeasureType": "CYCLIC",
							"singleInstanceAggFunction": "Sum",
							"considerOnly": "${schedule}",
							"computeUnfinished": true
						}
					}
				},
				"filter": {
					"kind": "DerivedSingleInstanceMeasure",
					"function": "solicitudesPadre == 'null' && count > 0",
					"usedMeasureMap": {
						"solicitudesPadre": {
							"kind": "DataMeasure",
							"dataContentSelection": {
								"selection": "PADRE",
								"dataobjectId": "PADRE"
							},
							"first": false
						},
						"count": {
							"kind": "CountMeasure",
							"when": {
								"kind": "TimeInstantCondition",
								"appliesTo": "Data",
								"changesToState": {
									"dataObjectState": {
										"name": "PRIORIDAD == '${priority}' && (RESOLUTOR == 'SAS-OFIMATICA-LAN' || RESOLUTOR == 'RESOLUTOR-PUESTO-USUARIO') && TIPOLOGIA.startsWith('Incidencia')"
									}
								}
							}
						}
					}
				},
				"includeUnfinished": true,
				"aggregates": false
			}
		}
	}, {
		"kind": "DerivedSingleInstanceMeasure",
		"id": "SPU_IO_K14_evidence",
		"function": " !Double.isNaN(time) && !(time ${deadline})",
		"usedMeasureMap": {
			"time": {
				"kind": "TimeMeasure",
				"unitOfMeasure": "hours",
				"from": {
					"kind": "TimeInstantCondition",
					"appliesTo": "Data",
					"changesToState": {
						"dataObjectState": {
							"name": "(ESTADO == 'Abierta' || ESTADO == 'Retrasada') && PRIORIDAD == '${priority}' && (RESOLUTOR == 'SAS-OFIMATICA-LAN' || RESOLUTOR == 'RESOLUTOR-PUESTO-USUARIO') && TIPOLOGIA.startsWith('Incidencia')"
						}
					}
				},
				"to": {
					"kind": "TimeInstantCondition",
					"appliesTo": "Data",
					"changesToState": {
						"dataObjectState": {
							"name": "(!(ESTADO == 'Abierta' || ESTADO == 'Retrasada')) && PRIORIDAD == '${priority}' && (RESOLUTOR == 'SAS-OFIMATICA-LAN' || RESOLUTOR == 'RESOLUTOR-PUESTO-USUARIO') && TIPOLOGIA.startsWith('Incidencia')"
						}
					}
				},
				"timeMeasureType": "CYCLIC",
				"singleInstanceAggFunction": "Sum",
				"considerOnly": "${schedule}",
				"computeUnfinished": true
			}
		}
	}, {
		"kind": "AggregatedMeasure",
		"id": "SPU_IO_K18",
		"name": "Factor de rotaciÃ³n del personal (FRP)",
		"description": "NÃºmero de cambios de personal que no se han solicitado a la empresa adjudicataria en el perÃ­odo de medida establecido.",
		"aggregationFunction": "Sum",
		"groupedBy": [{
			"selection": "ASUNTO_NODO",
			"dataobjectId": "ASUNTO_NODO"
		}],
		"baseMeasure": {
			"kind": "DataMeasure",
			"dataContentSelection": {
				"selection": "ASUNTO_N",
				"dataobjectId": "ASUNTO_N"
			},
			"first": false
		},
		"filter": {
			"kind": "DerivedSingleInstanceMeasure",
			"function": "kpi == 'SPU_IO_K18' && etcDelNodo ${nodeETC} && estado =='Cerrado' && resolucion == 'Aceptado' && resolutor == 'SPU' && tipologia == 'LE'",
			"usedMeasureMap": {
				"resolutor": {
					"kind": "DataMeasure",
					"dataContentSelection": {
						"selection": "RESOLUTOR",
						"dataobjectId": "RESOLUTOR"
					},
					"first": false
				},
				"estado": {
					"kind": "DataMeasure",
					"dataContentSelection": {
						"selection": "ESTADO",
						"dataobjectId": "ESTADO"
					},
					"first": false
				},
				"resolucion": {
					"kind": "DataMeasure",
					"dataContentSelection": {
						"selection": "RESOLUCION",
						"dataobjectId": "RESOLUCION"
					},
					"first": false
				},
				"kpi": {
					"kind": "DataMeasure",
					"dataContentSelection": {
						"selection": "ASUNTO_KPI",
						"dataobjectId": "ASUNTO_KPI"
					},
					"first": false
				},
				"etcDelNodo": {
					"kind": "DataMeasure",
					"dataContentSelection": {
						"selection": "ASUNTO_ETC",
						"dataobjectId": "ASUNTO_ETC"
					},
					"first": false
				},
				"tipologia": {
					"kind": "DataMeasure",
					"dataContentSelection": {
						"selection": "TIPOLOGIA",
						"dataobjectId": "TIPOLOGIA"
					},
					"first": false
				}
			}
		},
		"includeUnfinished": false,
		"aggregates": false
	}, {
		"kind": "DerivedSingleInstanceMeasure",
		"id": "SPU_IO_K18_evidence",
		"function": "kpi == 'SPU_IO_K18' && etcDelNodo ${nodeETC} && estado =='Cerrado' && resolucion == 'Aceptado' && resolutor == 'SPU' && tipologia == 'LE'",
		"usedMeasureMap": {
			"resolutor": {
				"kind": "DataMeasure",
				"dataContentSelection": {
					"selection": "RESOLUTOR",
					"dataobjectId": "RESOLUTOR"
				},
				"first": false
			},
			"estado": {
				"kind": "DataMeasure",
				"dataContentSelection": {
					"selection": "ESTADO",
					"dataobjectId": "ESTADO"
				},
				"first": false
			},
			"resolucion": {
				"kind": "DataMeasure",
				"dataContentSelection": {
					"selection": "RESOLUCION",
					"dataobjectId": "RESOLUCION"
				},
				"first": false
			},
			"kpi": {
				"kind": "DataMeasure",
				"dataContentSelection": {
					"selection": "ASUNTO_KPI",
					"dataobjectId": "ASUNTO_KPI"
				},
				"first": false
			},
			"etcDelNodo": {
				"kind": "DataMeasure",
				"dataContentSelection": {
					"selection": "ASUNTO_ETC",
					"dataobjectId": "ASUNTO_ETC"
				},
				"first": false
			},
			"tipologia": {
				"kind": "DataMeasure",
				"dataContentSelection": {
					"selection": "TIPOLOGIA",
					"dataobjectId": "TIPOLOGIA"
				},
				"first": false
			}
		}
	}, {
		"kind": "DerivedMultiInstanceMeasure",
		"id": "SPU_IO_K20",
		"name": "Porcentaje tiempo de parada respecto del total SLA",
		"description": "Tiempo que estÃ¡n las incidencias paradas respecto al tiempo total disponible por el proveedor",
		"function": " tiempoParado / tiempoEmpleado * 100",
		"usedMeasureMap": {
			"tiempoParado": {
				"kind": "AggregatedMeasure",
				"aggregationFunction": "Average",
				"groupedBy": [{
					"selection": "NODO",
					"dataobjectId": "NODO"
				}],
				"baseMeasure": {
					"kind": "TimeMeasure",
					"unitOfMeasure": "hours",
					"from": {
						"kind": "TimeInstantCondition",
						"appliesTo": "Data",
						"changesToState": {
							"dataObjectState": {
								"name": "ESTADO == 'Retrasada' && PRIORIDAD == '${priority}' && (RESOLUTOR == 'SAS-OFIMATICA-LAN' || RESOLUTOR == 'RESOLUTOR-PUESTO-USUARIO') && TIPOLOGIA.startsWith('Incidencia')"
							}
						}
					},
					"to": {
						"kind": "TimeInstantCondition",
						"appliesTo": "Data",
						"changesToState": {
							"dataObjectState": {
								"name": "!(ESTADO == 'Retrasada' && PRIORIDAD == '${priority}' && (RESOLUTOR == 'SAS-OFIMATICA-LAN' || RESOLUTOR == 'RESOLUTOR-PUESTO-USUARIO') && TIPOLOGIA.startsWith('Incidencia'))"
							}
						}
					},
					"timeMeasureType": "CYCLIC",
					"singleInstanceAggFunction": "Sum",
					"considerOnly": "${schedule}",
					"computeUnfinished": false
				},
				"filter": {
					"kind": "DerivedSingleInstanceMeasure",
					"id": "filter",
					"function": "solicitudesPadre == 'null' && (estado == 'Cerrada' || estado == 'Cancelada' || estado == 'Anulada') && count > 0",
					"usedMeasureMap": {
						"estado": {
							"kind": "DataMeasure",
							"dataContentSelection": {
								"selection": "ESTADO",
								"dataobjectId": "ESTADO"
							},
							"first": false
						},
						"solicitudesPadre": {
							"kind": "DataMeasure",
							"dataContentSelection": {
								"selection": "PADRE",
								"dataobjectId": "PADRE"
							},
							"first": false
						},
						"count": {
							"kind": "CountMeasure",
							"when": {
								"kind": "TimeInstantCondition",
								"appliesTo": "Data",
								"changesToState": {
									"dataObjectState": {
										"name": "PRIORIDAD == '${priority}' && (RESOLUTOR == 'SAS-OFIMATICA-LAN' || RESOLUTOR == 'RESOLUTOR-PUESTO-USUARIO') && TIPOLOGIA.startsWith('Incidencia')"
									}
								}
							}
						}
					}
				},
				"includeUnfinished": false,
				"aggregates": false
			},
			"tiempoEmpleado": {
				"kind": "AggregatedMeasure",
				"aggregationFunction": "Average",
				"groupedBy": [{
					"selection": "NODO",
					"dataobjectId": "NODO"
				}],
				"baseMeasure": {
					"kind": "TimeMeasure",
					"unitOfMeasure": "hours",
					"from": {
						"kind": "TimeInstantCondition",
						"appliesTo": "Data",
						"changesToState": {
							"dataObjectState": {
								"name": "(ESTADO == 'Retrasada' || ESTADO == 'Abierta' ) && PRIORIDAD == '${priority}' && (RESOLUTOR == 'SAS-OFIMATICA-LAN' || RESOLUTOR == 'RESOLUTOR-PUESTO-USUARIO') && TIPOLOGIA.startsWith('Incidencia')"
							}
						}
					},
					"to": {
						"kind": "TimeInstantCondition",
						"appliesTo": "Data",
						"changesToState": {
							"dataObjectState": {
								"name": "!((ESTADO == 'Retrasada' || ESTADO == 'Abierta') && PRIORIDAD == '${priority}' && (RESOLUTOR == 'SAS-OFIMATICA-LAN' || RESOLUTOR == 'RESOLUTOR-PUESTO-USUARIO') && TIPOLOGIA.startsWith('Incidencia'))"
							}
						}
					},
					"timeMeasureType": "CYCLIC",
					"singleInstanceAggFunction": "Sum",
					"considerOnly": "${schedule}",
					"computeUnfinished": false
				},
				"filter": {
					"kind": "DerivedSingleInstanceMeasure",
					"id": "filter",
					"function": "solicitudesPadre == 'null' && (estado == 'Cerrada' || estado == 'Cancelada' || estado == 'Anulada') && count > 0",
					"usedMeasureMap": {
						"estado": {
							"kind": "DataMeasure",
							"dataContentSelection": {
								"selection": "ESTADO",
								"dataobjectId": "ESTADO"
							},
							"first": false
						},
						"solicitudesPadre": {
							"kind": "DataMeasure",
							"dataContentSelection": {
								"selection": "PADRE",
								"dataobjectId": "PADRE"
							},
							"first": false
						},
						"count": {
							"kind": "CountMeasure",
							"when": {
								"kind": "TimeInstantCondition",
								"appliesTo": "Data",
								"changesToState": {
									"dataObjectState": {
										"name": "PRIORIDAD == '${priority}' && (RESOLUTOR == 'SAS-OFIMATICA-LAN' || RESOLUTOR == 'RESOLUTOR-PUESTO-USUARIO') && TIPOLOGIA.startsWith('Incidencia')"
									}
								}
							}
						}
					}
				},
				"includeUnfinished": false,
				"aggregates": false
			}
		}
	}, {
		"kind": "DerivedSingleInstanceMeasure",
		"id": "filter",
		"function": "solicitudesPadre == 'null' && (estado == 'Cerrada' || estado == 'Cancelada' || estado == 'Anulada') && count > 0",
		"usedMeasureMap": {
			"estado": {
				"kind": "DataMeasure",
				"dataContentSelection": {
					"selection": "ESTADO",
					"dataobjectId": "ESTADO"
				},
				"first": false
			},
			"solicitudesPadre": {
				"kind": "DataMeasure",
				"dataContentSelection": {
					"selection": "PADRE",
					"dataobjectId": "PADRE"
				},
				"first": false
			},
			"count": {
				"kind": "CountMeasure",
				"when": {
					"kind": "TimeInstantCondition",
					"appliesTo": "Data",
					"changesToState": {
						"dataObjectState": {
							"name": "PRIORIDAD == '${priority}' && (RESOLUTOR == 'SAS-OFIMATICA-LAN' || RESOLUTOR == 'RESOLUTOR-PUESTO-USUARIO') && TIPOLOGIA.startsWith('Incidencia')"
						}
					}
				}
			}
		}
	}, {
		"kind": "TimeMeasure",
		"id": "issue_duration",
		"unitOfMeasure": "seconds",
		"from": {
			"kind": "TimeInstantCondition",
			"appliesTo": "Data",
			"changesToState": {
				"dataObjectState": {
					"name": "ESTADO == 'Abierta' && PRIORIDAD == '${priority}' && (RESOLUTOR == 'SAS-OFIMATICA-LAN' || RESOLUTOR == 'RESOLUTOR-PUESTO-USUARIO') && TIPOLOGIA.startsWith('Incidencia')"
				}
			}
		},
		"to": {
			"kind": "TimeInstantCondition",
			"appliesTo": "Data",
			"changesToState": {
				"dataObjectState": {
					"name": "!(ESTADO == 'Abierta' && PRIORIDAD == '${priority}' && (RESOLUTOR == 'SAS-OFIMATICA-LAN' || RESOLUTOR == 'RESOLUTOR-PUESTO-USUARIO') && TIPOLOGIA.startsWith('Incidencia'))"
				}
			}
		},
		"timeMeasureType": "CYCLIC",
		"singleInstanceAggFunction": "Sum",
		"considerOnly": "${schedule}",
		"computeUnfinished": false
	}, {
		"kind": "DataMeasure",
		"id": "issue_end",
		"dataContentSelection": {
			"selection": "timestamp"
		},
		"precondition": {
			"TimeInstantCondition": {
				"appliesTo": "Data",
				"changesToState": {
					"dataObjectState": {
						"name": "ESTADO == 'Anulada' || ESTADO == 'Cerrada' || ESTADO == 'Cancelada'"
					}
				}
			}
		},
		"first": false
	}, {
		"kind": "TimeMeasure",
		"id": "issue_idle_time",
		"unitOfMeasure": "hours",
		"from": {
			"kind": "TimeInstantCondition",
			"appliesTo": "Data",
			"changesToState": {
				"dataObjectState": {
					"name": "ESTADO == 'Retrasada' && PRIORIDAD == '${priority}' && (RESOLUTOR == 'SAS-OFIMATICA-LAN' || RESOLUTOR == 'RESOLUTOR-PUESTO-USUARIO') && TIPOLOGIA.startsWith('Incidencia')"
				}
			}
		},
		"to": {
			"kind": "TimeInstantCondition",
			"appliesTo": "Data",
			"changesToState": {
				"dataObjectState": {
					"name": "!(ESTADO == 'Retrasada' && PRIORIDAD == '${priority}' && (RESOLUTOR == 'SAS-OFIMATICA-LAN' || RESOLUTOR == 'RESOLUTOR-PUESTO-USUARIO') && TIPOLOGIA.startsWith('Incidencia'))"
				}
			}
		},
		"timeMeasureType": "CYCLIC",
		"singleInstanceAggFunction": "Sum",
		"considerOnly": "${schedule}",
		"computeUnfinished": false
	}, {
		"kind": "DataMeasure",
		"id": "issue_source",
		"dataContentSelection": {
			"selection": "ORIGEN"
		},
		"first": false
	}, {
		"kind": "DataMeasure",
		"id": "issue_start",
		"dataContentSelection": {
			"selection": "timestamp"
		},
		"precondition": {
			"TimeInstantCondition": {
				"appliesTo": "Data",
				"changesToState": {
					"dataObjectState": {
						"name": "ESTADO == 'Abierta'"
					}
				}
			}
		},
		"first": false
	}, {
		"kind": "DataMeasure",
		"id": "issue_subject",
		"dataContentSelection": {
			"selection": "ASUNTO"
		},
		"first": false
	}, {
		"kind": "DataMeasure",
		"id": "issue_typology",
		"dataContentSelection": {
			"selection": "TIPOLOGIA"
		},
		"first": false
	}]
}