[
    {
        "scope": {
            "NODO": "HUELVA",
            "serviceLine": "Línea de servicio de operación",
            "activity": "Actividad no planificada",
            "priority": "P2"
        },
        "logs": {
            "casdm": "http://logs-devel.sas.governify.io/api/v1/ca-sdm/v10.13"
        },
        "parameters": {
            "schedule": "L-VT08:00-20:00",
            "deadline": "<= 4"
        },
        "period": {
            "from": "2016-02-15T23:00:00.000Z",
            "to": "2016-03-15T22:59:59.999Z"
        },
        "evidences": [
            {
                "issue_resource": "GENERICO Axarquia",
                "issue_priority": "P2",
                "issue_idle_time": "NaN",
                "issue_center": "H. C. AXARQUIA",
                "issue_node": "HUELVA",
                "SPU_IO_K01_evidence": "true",
                "issue_resolutor": "RESOLUTOR-PUESTO-USUARIO",
                "issue_typology": "Incidencia.Hardware.Raton",
                "issue_start": "2016-02-20T11:30:00.000Z",
                "issue_duration": "0.0",
                "issue_source": "WEBSVC",
                "issue_subject": "la usuaria",
                "id": "2222222",
                "issue_end": "2016-02-20T12:30:00.000Z"
            }
        ],
        "value": "100.0"
    },
    {
        "scope": {
            "NODO": "CORDOBA",
            "serviceLine": "Línea de servicio de operación",
            "activity": "Actividad no planificada",
            "priority": "P2"
        },
        "logs": {
            "casdm": "http://logs-devel.sas.governify.io/api/v1/ca-sdm/v10.13"
        },
        "parameters": {
            "schedule": "L-VT08:00-20:00",
            "deadline": "<= 4"
        },
        "period": {
            "from": "2016-04-15T22:00:00.000Z",
            "to": "2016-05-15T21:59:59.999Z"
        },
        "evidences": [
            {
                "issue_resource": "GENERICO Axarquia",
                "issue_priority": "P2",
                "issue_idle_time": "NaN",
                "issue_center": "H. C. AXARQUIA",
                "issue_node": "CORDOBA",
                "SPU_IO_K01_evidence": "true",
                "issue_resolutor": "RESOLUTOR-PUESTO-USUARIO",
                "issue_typology": "Incidencia.Hardware.Raton",
                "issue_start": "2016-04-20T13:07:07.000Z",
                "issue_duration": "2379.0",
                "issue_source": "WEBSVC",
                "issue_subject": "la usuaria",
                "id": "13131313131313",
                "issue_end": "2016-04-20T14:32:46.000Z"
            }
        ],
        "value": "100.0"
    },
    {
        "scope": {
            "NODO": "SEVILLA",
            "serviceLine": "Línea de servicio de operación",
            "activity": "Actividad no planificada",
            "priority": "P2"
        },
        "logs": {
            "casdm": "http://logs-devel.sas.governify.io/api/v1/ca-sdm/v10.13"
        },
        "parameters": {
            "schedule": "L-VT08:00-20:00",
            "deadline": "<= 4"
        },
        "period": {
            "from": "2016-01-15T23:00:00.000Z",
            "to": "2016-02-15T22:59:59.999Z"
        },
        "evidences": [
            {
                "issue_resource": "NO_RECEPCIONADO",
                "issue_priority": "P2",
                "issue_idle_time": "NaN",
                "issue_center": "PUERTA BLANCA",
                "issue_node": "SEVILLA",
                "SPU_IO_K01_evidence": "true",
                "issue_resolutor": "RESOLUTOR-PUESTO-USUARIO",
                "issue_typology": "Incidencia.Sistema.Cliente",
                "issue_start": "2016-01-20T08:00:00.000Z",
                "issue_duration": "3600.0",
                "issue_source": "TELEFONO",
                "issue_subject": "la maquina",
                "id": "4444444",
                "issue_end": "2016-01-20T09:00:00.000Z"
            },
            {
                "issue_resource": "NO_RECEPCIONADO",
                "issue_priority": "P2",
                "issue_idle_time": "NaN",
                "issue_center": "H. U. VIRGEN DEL ROCIO",
                "issue_node": "SEVILLA",
                "SPU_IO_K01_evidence": "true",
                "issue_resolutor": "RESOLUTOR-PUESTO-USUARIO",
                "issue_typology": "Incidencia.Sistema.Cliente",
                "issue_start": "2016-01-20T08:00:00.000Z",
                "issue_duration": "3600.0",
                "issue_source": "TELEFONO",
                "issue_subject": "la maquina",
                "id": "9866666666",
                "issue_end": "2016-01-20T09:00:00.000Z"
            },
            {
                "issue_resource": "NO_RECEPCIONADO",
                "issue_priority": "P2",
                "issue_idle_time": "NaN",
                "issue_center": "PUERTA BLANCA",
                "issue_node": "SEVILLA",
                "SPU_IO_K01_evidence": "true",
                "issue_resolutor": "RESOLUTOR-PUESTO-USUARIO",
                "issue_typology": "Incidencia.Sistema.Cliente",
                "issue_start": "2016-01-20T08:00:00.000Z",
                "issue_duration": "3600.0",
                "issue_source": "TELEFONO",
                "issue_subject": "la maquina",
                "id": "984444444",
                "issue_end": "2016-01-20T09:00:00.000Z"
            },
            {
                "issue_resource": "H. U. VIRGEN DEL ROCIO",
                "issue_priority": "P2",
                "issue_idle_time": "NaN",
                "issue_center": "H. U. VIRGEN DEL ROCIO",
                "issue_node": "SEVILLA",
                "SPU_IO_K01_evidence": "true",
                "issue_resolutor": "RESOLUTOR-PUESTO-USUARIO",
                "issue_typology": "Incidencia.Hardware.Raton",
                "issue_start": "2016-01-20T11:00:00.000Z",
                "issue_duration": "1800.0",
                "issue_source": "WEBSVC",
                "issue_subject": "la usuaria",
                "id": "121212122",
                "issue_end": "2016-01-20T11:30:00.000Z"
            },
            {
                "issue_resource": "NO_RECEPCIONADO",
                "issue_priority": "P2",
                "issue_idle_time": "NaN",
                "issue_center": "PUERTA BLANCA",
                "issue_node": "SEVILLA",
                "SPU_IO_K01_evidence": "true",
                "issue_resolutor": "RESOLUTOR-PUESTO-USUARIO",
                "issue_typology": "Incidencia.Sistema.Cliente",
                "issue_start": "2016-01-20T11:00:00.000Z",
                "issue_duration": "3600.0",
                "issue_source": "TELEFONO",
                "issue_subject": "la maquina",
                "id": "5555555",
                "issue_end": "2016-01-20T12:00:00.000Z"
            },
            {
                "issue_resource": "NO_RECEPCIONADO",
                "issue_priority": "P2",
                "issue_idle_time": "NaN",
                "issue_center": "H. U. VIRGEN DEL ROCIO",
                "issue_node": "SEVILLA",
                "SPU_IO_K01_evidence": "true",
                "issue_resolutor": "RESOLUTOR-PUESTO-USUARIO",
                "issue_typology": "Incidencia.Sistema.Cliente",
                "issue_start": "2016-01-20T11:00:00.000Z",
                "issue_duration": "3600.0",
                "issue_source": "TELEFONO",
                "issue_subject": "la maquina",
                "id": "985555555",
                "issue_end": "2016-01-20T12:00:00.000Z"
            },
            {
                "issue_resource": "NO_RECEPCIONADO",
                "issue_priority": "P2",
                "issue_idle_time": "NaN",
                "issue_center": "PUERTA BLANCA",
                "issue_node": "SEVILLA",
                "SPU_IO_K01_evidence": "true",
                "issue_resolutor": "RESOLUTOR-PUESTO-USUARIO",
                "issue_typology": "Incidencia.Sistema.Cliente",
                "issue_start": "2016-01-20T11:00:00.000Z",
                "issue_duration": "1800.0",
                "issue_source": "TELEFONO",
                "issue_subject": "la maquina",
                "id": "11111111",
                "issue_end": "2016-01-20T12:00:00.000Z"
            },
            {
                "issue_resource": "GENERICO Axarquia",
                "issue_priority": "P2",
                "issue_idle_time": "NaN",
                "issue_center": "H. C. AXARQUIA",
                "issue_node": "SEVILLA",
                "SPU_IO_K01_evidence": "true",
                "issue_resolutor": "RESOLUTOR-PUESTO-USUARIO",
                "issue_typology": "Incidencia.Hardware.Raton",
                "issue_start": "2016-01-20T11:00:00.000Z",
                "issue_duration": "10800.0",
                "issue_source": "WEBSVC",
                "issue_subject": "la usuaria",
                "id": "8888888",
                "issue_end": "2016-01-20T14:00:00.000Z"
            },
            {
                "issue_resource": "SW_COMERCIAL",
                "issue_priority": "P2",
                "issue_idle_time": "46800.0",
                "issue_center": "H. U. DE JEREZ",
                "issue_node": "SEVILLA",
                "SPU_IO_K01_evidence": "false",
                "issue_resolutor": "RESOLUTOR-PUESTO-USUARIO",
                "issue_typology": "Incidencia.Sistema.Cliente",
                "issue_start": "2016-01-20T07:00:00.000Z",
                "issue_duration": "46800.0",
                "issue_source": "TELEFONO",
                "issue_subject": "Error al c",
                "id": "16161611616",
                "issue_end": "2016-01-23T10:00:00.000Z"
            },
            {
                "issue_resource": "SW_COMERCIAL",
                "issue_priority": "P2",
                "issue_idle_time": "NaN",
                "issue_center": "H. U. VIRGEN DEL ROCIO",
                "issue_node": "SEVILLA",
                "SPU_IO_K01_evidence": "false",
                "issue_resolutor": "RESOLUTOR-PUESTO-USUARIO",
                "issue_typology": "Incidencia.Sistema.Cliente",
                "issue_start": "2016-01-20T11:00:00.000Z",
                "issue_duration": "331200.0",
                "issue_source": "TELEFONO",
                "issue_subject": "Error al c",
                "id": "13131313",
                "issue_end": "2016-01-30T11:30:00.000Z"
            },
            {
                "issue_resource": "GENERICO Axarquia",
                "issue_priority": "P2",
                "issue_idle_time": "NaN",
                "issue_center": "H. C. AXARQUIA",
                "issue_node": "SEVILLA",
                "SPU_IO_K01_evidence": "false",
                "issue_resolutor": "RESOLUTOR-PUESTO-USUARIO",
                "issue_typology": "Incidencia.Hardware.Raton",
                "issue_start": "2016-01-20T11:00:00.000Z",
                "issue_duration": "331200.0",
                "issue_source": "WEBSVC",
                "issue_subject": "la usuaria",
                "id": "777777",
                "issue_end": "2016-01-30T15:00:00.000Z"
            }
        ],
        "value": "72.72727272727273"
    },
    {
        "scope": {
            "NODO": "GRANADA",
            "serviceLine": "Línea de servicio de operación",
            "activity": "Actividad no planificada",
            "priority": "P2"
        },
        "logs": {
            "casdm": "http://logs-devel.sas.governify.io/api/v1/ca-sdm/v10.13"
        },
        "parameters": {
            "schedule": "L-VT08:00-20:00",
            "deadline": "<= 4"
        },
        "period": {
            "from": "2016-03-15T23:00:00.000Z",
            "to": "2016-04-15T21:59:59.999Z"
        },
        "evidences": [
            {
                "issue_resource": "GENERICO Axarquia",
                "issue_priority": "P2",
                "issue_idle_time": "NaN",
                "issue_center": "H. C. AXARQUIA",
                "issue_node": "GRANADA",
                "SPU_IO_K01_evidence": "true",
                "issue_resolutor": "RESOLUTOR-PUESTO-USUARIO",
                "issue_typology": "Incidencia.Hardware.Raton",
                "issue_start": "2016-03-20T13:07:07.000Z",
                "issue_duration": "0.0",
                "issue_source": "WEBSVC",
                "issue_subject": "la usuaria",
                "id": "1212121212121",
                "issue_end": "2016-03-20T14:46:46.000Z"
            }
        ],
        "value": "100.0"
    }
]
