{
  "metricId": "SPU_IO_K01",
  "metricValues": []
}