{
    "guarantee": "SPU_IO_K01",
    "period": {
        "from": "2016-01-15T23:00:00.000Z",
        "to": "2016-02-15T22:59:59.999Z"
    }
}